// Jest Snapshot v1, https://goo.gl/fbAQLP

exports[`Home Page matches snapshot 1`] = `
.emotion-58 {
  box-sizing: border-box;
  margin: 0;
  min-width: 0;
  width: 100%;
  max-width: container;
  margin-left: auto;
  margin-right: auto;
  max-width: 100%;
  margin: 0 auto;
  padding-left: 16px;
  padding-right: 16px;
}

@media screen and (min-width:576px) {
  .emotion-58 {
    max-width: 540px;
  }
}

@media screen and (min-width:768px) {
  .emotion-58 {
    max-width: 720px;
  }
}

@media screen and (min-width:992px) {
  .emotion-58 {
    max-width: 960px;
  }
}

@media screen and (min-width:1200px) {
  .emotion-58 {
    max-width: 1140px;
  }
}

@media screen and (min-width:1400px) {
  .emotion-58 {
    max-width: 1320px;
  }
}

.emotion-57 {
  box-sizing: border-box;
  margin: 0;
  min-width: 0;
  padding-top: 16px;
  padding-bottom: 16px;
}

@media screen and (min-width:576px) {
  .emotion-57 {
    padding-top: 32px;
    padding-bottom: 32px;
  }
}

@media screen and (min-width:768px) {
  .emotion-57 {
    padding-top: 48px;
    padding-bottom: 48px;
  }
}

.emotion-5 {
  box-sizing: border-box;
  margin: 0;
  min-width: 0;
  -webkit-align-items: center;
  -webkit-box-align: center;
  -ms-flex-align: center;
  align-items: center;
  -webkit-box-pack: justify;
  -webkit-justify-content: space-between;
  -ms-flex-pack: justify;
  justify-content: space-between;
  -webkit-flex-direction: row;
  -ms-flex-direction: row;
  flex-direction: row;
  display: -webkit-box;
  display: -webkit-flex;
  display: -ms-flexbox;
  display: flex;
}

.emotion-0 {
  box-sizing: border-box;
  margin: 0;
  min-width: 0;
  font-size: 24px;
  font-family: Staatliches,Open Sans,system-ui,-apple-system,BlinkMacSystemFont,"Segoe UI",Roboto,"Helvetica Neue",sans-serif;
  color: var(--theme-ui-colors-primary,#657eea);
}

@media screen and (min-width:576px) {
  .emotion-0 {
    font-size: 32px;
  }
}

@media screen and (min-width:768px) {
  .emotion-0 {
    font-size: 40px;
  }
}

.emotion-4 {
  box-sizing: border-box;
  margin: 0;
  min-width: 0;
}

.emotion-1 {
  box-sizing: border-box;
  margin: 0;
  min-width: 0;
  -webkit-appearance: none;
  -moz-appearance: none;
  appearance: none;
  display: -webkit-inline-box;
  display: -webkit-inline-flex;
  display: -ms-inline-flexbox;
  display: inline-flex;
  -webkit-align-items: center;
  -webkit-box-align: center;
  -ms-flex-align: center;
  align-items: center;
  -webkit-box-pack: center;
  -webkit-justify-content: center;
  -ms-flex-pack: center;
  justify-content: center;
  padding: 8px;
  width: 32px;
  height: 32px;
  color: inherit;
  background-color: transparent;
  border: none;
  border-radius: 4px;
  width: 40px;
  height: 40px;
  cursor: pointer;
  outline: none;
}

@media screen and (min-width:768px) {
  .emotion-1 {
    width: 48px;
    height: 48px;
  }
}

.emotion-2 {
  box-sizing: border-box;
  margin: 0;
  min-width: 0;
  color: var(--theme-ui-colors-text,#111);
}

.emotion-11 {
  box-sizing: border-box;
  margin: 0;
  min-width: 0;
  -webkit-align-items: center;
  -webkit-box-align: center;
  -ms-flex-align: center;
  align-items: center;
  -webkit-box-pack: justify;
  -webkit-justify-content: space-between;
  -ms-flex-pack: justify;
  justify-content: space-between;
  margin-top: 16px;
  display: -webkit-box;
  display: -webkit-flex;
  display: -ms-flexbox;
  display: flex;
}

.emotion-6 {
  box-sizing: border-box;
  margin: 0;
  min-width: 0;
  -webkit-flex: 2;
  -ms-flex: 2;
  flex: 2;
  line-height: 2;
  font-size: 12px;
}

@media screen and (min-width:576px) {
  .emotion-6 {
    font-size: 12px;
  }
}

@media screen and (min-width:768px) {
  .emotion-6 {
    font-size: 16px;
  }
}

.emotion-10 {
  box-sizing: border-box;
  margin: 0;
  min-width: 0;
  -webkit-flex: 1;
  -ms-flex: 1;
  flex: 1;
  height: 100%;
  -webkit-align-items: center;
  -webkit-box-align: center;
  -ms-flex-align: center;
  align-items: center;
  -webkit-box-pack: end;
  -webkit-justify-content: flex-end;
  -ms-flex-pack: end;
  justify-content: flex-end;
  display: -webkit-box;
  display: -webkit-flex;
  display: -ms-flexbox;
  display: flex;
}

.emotion-7 {
  box-sizing: border-box;
  margin: 0;
  min-width: 0;
  -webkit-appearance: none;
  -moz-appearance: none;
  appearance: none;
  display: inline-block;
  text-align: center;
  line-height: inherit;
  -webkit-text-decoration: none;
  text-decoration: none;
  font-size: inherit;
  padding-left: 24px;
  padding-right: 24px;
  padding-top: 16px;
  padding-bottom: 16px;
  color: white;
  background-color: var(--theme-ui-colors-primary,#657eea);
  border: 0;
  border-radius: 4px;
  margin: 0;
  padding: 0;
  outline: none;
  width: 24px;
  height: 24px;
  display: -webkit-box;
  display: -webkit-flex;
  display: -ms-flexbox;
  display: flex;
  -webkit-align-items: center;
  -webkit-box-align: center;
  -ms-flex-align: center;
  align-items: center;
  -webkit-box-pack: center;
  -webkit-justify-content: center;
  -ms-flex-pack: center;
  justify-content: center;
  cursor: pointer;
}

@media screen and (min-width:576px) {
  .emotion-7 {
    width: 32px;
    height: 32px;
  }
}

.emotion-8 {
  box-sizing: border-box;
  margin: 0;
  min-width: 0;
  display: inline-block;
  margin-left: 16px;
  margin-right: 16px;
  margin-top: 0;
  margin-bottom: 0;
  padding: 0;
  font-size: 12px;
}

@media screen and (min-width:576px) {
  .emotion-8 {
    font-size: 12px;
  }
}

@media screen and (min-width:768px) {
  .emotion-8 {
    font-size: 16px;
  }
}

.emotion-14 {
  box-sizing: border-box;
  margin: 0;
  min-width: 0;
  margin-top: 32px;
}

@media screen and (min-width:576px) {
  .emotion-14 {
    margin-top: 32px;
  }
}

@media screen and (min-width:768px) {
  .emotion-14 {
    margin-top: 40px;
  }
}

.emotion-12 {
  box-sizing: border-box;
  margin: 0;
  min-width: 0;
  color: var(--theme-ui-colors-secondary,#37b3ac);
  font-family: Staatliches,Open Sans,system-ui,-apple-system,BlinkMacSystemFont,"Segoe UI",Roboto,"Helvetica Neue",sans-serif;
  font-size: 24px;
  padding-bottom: 8px;
}

@media screen and (min-width:576px) {
  .emotion-12 {
    font-size: 32px;
    padding-bottom: 16px;
  }
}

@media screen and (min-width:768px) {
  .emotion-12 {
    padding-bottom: 16px;
  }
}

.emotion-13 {
  box-sizing: border-box;
  margin: 0;
  min-width: 0;
  line-height: 2;
  font-size: 12px;
}

@media screen and (min-width:576px) {
  .emotion-13 {
    font-size: 12px;
  }
}

@media screen and (min-width:768px) {
  .emotion-13 {
    font-size: 16px;
  }
}

.emotion-31 {
  margin: 0;
  padding-top: 8px;
}

@media screen and (min-width:576px) {
  .emotion-31 {
    padding-top: 8px;
  }
}

@media screen and (min-width:768px) {
  .emotion-31 {
    padding-top: 16px;
  }
}

.emotion-20 {
  box-sizing: border-box;
  margin: 0;
  min-width: 0;
  color: var(--theme-ui-colors-primary,#657eea);
  display: inline-block;
  -webkit-text-decoration: none;
  text-decoration: none;
  border-bottom: 1px solid;
  border-color: var(--theme-ui-colors-primary,#657eea);
  font-size: 12px;
  padding-top: 0;
}

@media screen and (min-width:576px) {
  .emotion-20 {
    font-size: 12px;
    padding-top: 0;
  }
}

@media screen and (min-width:768px) {
  .emotion-20 {
    font-size: 16px;
    padding-top: 8px;
  }
}

.emotion-36 {
  background-color: var(--theme-ui-colors-muted,#e6e6e6);
  padding-top: 8px;
  padding-bottom: 8px;
  padding-left: 16px;
  padding-right: 16px;
  border-radius: 10px;
  white-space: pre-wrap;
  word-wrap: break-word;
}

@media screen and (min-width:576px) {
  .emotion-36 {
    padding-top: 16px;
    padding-bottom: 16px;
    padding-left: 24px;
    padding-right: 24px;
  }
}

.emotion-35 {
  line-height: 2;
  color: var(--theme-ui-colors-text,#111);
  font-size: 12px;
}

@media screen and (min-width:576px) {
  .emotion-35 {
    font-size: 16px;
  }
}

.emotion-37 {
  box-sizing: border-box;
  margin: 0;
  min-width: 0;
  opacity: 0.5;
  font-weight: 600;
  font-style: italic;
  line-height: 2;
  font-size: 12px;
}

@media screen and (min-width:576px) {
  .emotion-37 {
    font-size: 12px;
  }
}

@media screen and (min-width:768px) {
  .emotion-37 {
    font-size: 16px;
  }
}

.emotion-56 {
  box-sizing: border-box;
  margin: 0;
  min-width: 0;
  -webkit-align-items: center;
  -webkit-box-align: center;
  -ms-flex-align: center;
  align-items: center;
  -webkit-box-pack: center;
  -webkit-justify-content: center;
  -ms-flex-pack: center;
  justify-content: center;
  padding-top: 32px;
  display: -webkit-box;
  display: -webkit-flex;
  display: -ms-flexbox;
  display: flex;
}

@media screen and (min-width:576px) {
  .emotion-56 {
    padding-top: 48px;
  }
}

@media screen and (min-width:768px) {
  .emotion-56 {
    padding-top: 64px;
  }
}

.emotion-55 {
  box-sizing: border-box;
  margin: 0;
  min-width: 0;
  color: var(--theme-ui-colors-primary,#657eea);
  font-size: 12px;
}

@media screen and (min-width:576px) {
  .emotion-55 {
    font-size: 12px;
  }
}

@media screen and (min-width:768px) {
  .emotion-55 {
    font-size: 16px;
  }
}

.emotion-54 {
  box-sizing: border-box;
  margin: 0;
  min-width: 0;
  color: var(--theme-ui-colors-primary,#657eea);
}

<div>
  <div
    class="emotion-58"
    data-testid="container"
  >
    <div
      class="emotion-57"
    >
      <div
        class="emotion-5"
      >
        <h1
          class="emotion-0"
        >
          nextjs boilerpack
        </h1>
        <div
          class="emotion-4"
        >
          <button
            class="emotion-1"
          >
            <svg
              data-testid="moon-icon"
              fill="none"
              height="100%"
              stroke="currentColor"
              stroke-linecap="round"
              stroke-linejoin="round"
              stroke-width="2"
              viewBox="0 0 24 24"
              width="100%"
              xmlns="http://www.w3.org/2000/svg"
            >
              <path
                d="M21 12.79A9 9 0 1 1 11.21 3 7 7 0 0 0 21 12.79z"
              />
            </svg>
          </button>
          <button
            class="emotion-1"
          >
            <a
              class="emotion-2"
              href="https://github.com/ixahmedxi/next-boilerpack"
              rel="noopener noreferrer"
              target="_blank"
            >
              <svg
                fill="none"
                height="100%"
                stroke="currentColor"
                stroke-linecap="round"
                stroke-linejoin="round"
                stroke-width="2"
                viewBox="0 0 24 24"
                width="100%"
                xmlns="http://www.w3.org/2000/svg"
              >
                <path
                  d="M9 19c-5 1.5-5-2.5-7-3m14 6v-3.87a3.37 3.37 0 0 0-.94-2.61c3.14-.35 6.44-1.54 6.44-7A5.44 5.44 0 0 0 20 4.77 5.07 5.07 0 0 0 19.91 1S18.73.65 16 2.48a13.38 13.38 0 0 0-7 0C6.27.65 5.09 1 5.09 1A5.07 5.07 0 0 0 5 4.77a5.44 5.44 0 0 0-1.5 3.78c0 5.42 3.3 6.61 6.44 7A3.37 3.37 0 0 0 9 18.13V22"
                />
              </svg>
            </a>
          </button>
        </div>
      </div>
      <div
        class="emotion-11"
      >
        <p
          class="emotion-6"
        >
          A TypeScript based React Next.js, Redux & ThemeUI boilerplate to make starting a new project fast
           
          <span
            aria-label="Emojis"
            role="img"
          >
            🤩 🥳
          </span>
        </p>
        <div
          class="emotion-10"
        >
          <button
            class="emotion-7"
            data-testid="increment"
          >
            +
          </button>
          <p
            class="emotion-8"
          >
            Count: 
            0
          </p>
          <button
            class="emotion-7"
            data-testid="decrement"
          >
            -
          </button>
        </div>
      </div>
      <div
        class="emotion-14"
      >
        <h1
          class="emotion-12"
        >
          Motivation
        </h1>
        <p
          class="emotion-13"
        >
          Next.js is an amazing framework and I use it on the daily basis but the default boilerplate did not fulfil my needs after some time, it became time consuming to start a new project since it needed me to add lots of things to it like linting and testing before actually starting the development process. So I decided to create a boilerplate that has all of the features that I like and use to start projects fast and for other people to use it as well.
        </p>
      </div>
      <div
        class="emotion-14"
      >
        <h1
          class="emotion-12"
        >
          Assumptions
        </h1>
        <p
          class="emotion-13"
        >
          This boilerplate assumes that you have knowledge about React, Next.js, Redux, Jest and react-testing-library. This is not a beginner friendly boilerplate. For a beginner friendly boilerplate, the default Next.js one will be a better choice.
        </p>
      </div>
      <div
        class="emotion-14"
      >
        <h1
          class="emotion-12"
        >
          Features
        </h1>
        <p
          class="emotion-13"
        >
          The boilerplate comes with many libraries and tools set up out of the box to extend React's feature set, some of the tools included in the boilerplate are:
        </p>
        <ul
          class="emotion-31"
        >
          <li>
            <a
              class="emotion-20"
              href="https://redux.js.org/"
              rel="noopener noreferrer"
              target="_blank"
            >
              Redux
            </a>
          </li>
          <li>
            <a
              class="emotion-20"
              href="https://redux-toolkit.js.org/"
              rel="noopener noreferrer"
              target="_blank"
            >
              Redux Toolkit
            </a>
          </li>
          <li>
            <a
              class="emotion-20"
              href="https://theme-ui.com/"
              rel="noopener noreferrer"
              target="_blank"
            >
              Theme UI
            </a>
          </li>
          <li>
            <a
              class="emotion-20"
              href="https://react-icons.github.io/react-icons/"
              rel="noopener noreferrer"
              target="_blank"
            >
              React Icons
            </a>
          </li>
          <li>
            <a
              class="emotion-20"
              href="https://jestjs.io/"
              rel="noopener noreferrer"
              target="_blank"
            >
              Jest
            </a>
          </li>
          <li>
            <a
              class="emotion-20"
              href="https://testing-library.com/"
              rel="noopener noreferrer"
              target="_blank"
            >
              React Testing Library
            </a>
          </li>
          <li>
            <a
              class="emotion-20"
              href="https://eslint.org/"
              rel="noopener noreferrer"
              target="_blank"
            >
              ESLint
            </a>
          </li>
          <li>
            <a
              class="emotion-20"
              href="https://prettier.io/"
              rel="noopener noreferrer"
              target="_blank"
            >
              Prettier
            </a>
          </li>
          <li>
            <a
              class="emotion-20"
              href="https://github.com/typicode/husky"
              rel="noopener noreferrer"
              target="_blank"
            >
              Husky
            </a>
          </li>
          <li>
            <a
              class="emotion-20"
              href="https://github.com/okonet/lint-staged"
              rel="noopener noreferrer"
              target="_blank"
            >
              Lint Staged
            </a>
          </li>
          <li>
            <a
              class="emotion-20"
              href="https://github.com/garmeeh/next-seo"
              rel="noopener noreferrer"
              target="_blank"
            >
              Next SEO
            </a>
          </li>
        </ul>
      </div>
      <div
        class="emotion-14"
      >
        <h1
          class="emotion-12"
        >
          Installation
        </h1>
        <p
          class="emotion-13"
        >
          To get started using next-boilerpack, firstly clone the repository and install the dependencies using your terminal by following the instructions below. 
          &lt;project-name&gt; 
          refers to the name of the project you are creating so replace it with whatever you want your project to be named.
        </p>
        <pre
          class="emotion-36"
        >
          <code
            class="emotion-35"
          >
            $ git clone https://github.com/ixahmedxi/next-boilerpack 
            &lt;project-name&gt;
            <br />
            $ cd 
            &lt;project-name&gt;
            <br />
            $ npm install
          </code>
        </pre>
        <p
          class="emotion-37"
        >
          You can use yarn install instead of npm install of course
        </p>
      </div>
      <div
        class="emotion-14"
      >
        <h1
          class="emotion-12"
        >
          Getting Started
        </h1>
        <p
          class="emotion-13"
        >
          To get started using this boilerplate, it is adviced to delete all of the components created to showcase this boilerplate that way you can start from a clean point, following the instructions below this can be done easily.
        </p>
        <pre
          class="emotion-36"
        >
          <code
            class="emotion-35"
          >
            $ rm -rf src/components/Home
            <br />
            $ rm -rf src/components/shared/P
            <br />
            $ rm -rf src/components/shared/Pre
          </code>
        </pre>
        <p
          class="emotion-13"
        >
          You should then modify the src/pages/index.tsx file to have an empty component so that you do not get errors about not finding components, the empty component would look like this.
        </p>
        <pre
          class="emotion-36"
        >
          <code
            class="emotion-35"
          >
            import { Layout } from '@shared/Layout/Layout.component'
import { Container } from '@shared/Container/Container.component'

const Index: React.FC = () =&gt; {
  return (
    &lt;Layout&gt;
      &lt;Container&gt;
        &lt;h1&gt;Hello World&lt;/h1&gt;
      &lt;/Container&gt;
    &lt;/Layout&gt;
  )
}

export default Index
          </code>
        </pre>
        <p
          class="emotion-13"
        >
          Remember to also delete the counterReducer in the store.ts file so that redux does not complain about not finding the reducer. You can replace the reducer with a dummy one as a start so that redux does not throw errors.
           
        </p>
      </div>
      <div
        class="emotion-14"
      >
        <h1
          class="emotion-12"
        >
          Configuration
        </h1>
        <p
          class="emotion-13"
        >
          The boilerplate was made on the fact that the chance for someone to be using the same set of things as I am is very small and that is why I made it so that removing or replacing any of the pre-configured libs installed is not confusing nor complicated. 
          <br />
           
          <br />
          The configuration for ESLint, Jest, Prettier, Husky, lint-staged can all be found in their respective files in the root directory of the boilerplate except husky & lint-staged where their configuration is in the package.json file. 
          <br />
           
          <br />
           The redux store, theme file and test setup files can be found in the main src folder so if you do not want redux for example deleting the file and the Provider component from the _app file will do just that.
          <br />
           
          <br />
          The theme file (src/theme.ts) is responsible for making sure the design of the website is consistent in spacing and sizing as well as making the ability to have multiple color themes for the website really easy to implement. All of the ways for using the theme file and theme-ui overall can be found in there docs. Also I know most people are used to styled-components or emotion but personally since I have tried theme-ui I haven't looked back for the simple fact that it handles responsiveness really well.
          <br />
           
          <br />
          I Have included a Container component in the shared folder that resembles the .container class in bootstrap to give the option of having that nice wrapping around the pages. It is not a must use obviously but I personally always use it.
        </p>
      </div>
      <div
        class="emotion-14"
      >
        <h1
          class="emotion-12"
        >
          License
        </h1>
        <p
          class="emotion-13"
        >
          MIT License 
          <br />
          <br />
          Copyright (c) 2020 Ahmed Elsakaan 
          <br />
          <br />
          Permission is hereby granted, free of charge, to any person obtaining a copy of this software and associated documentation files (the "Software"), to deal in the Software without restriction, including without limitation the rights to use, copy, modify, merge, publish, distribute, sublicense, and/or sell copies of the Software, and to permit persons to whom the Software is furnished to do so, subject to the following conditions:
           
          <br />
          <br />
          The above copyright notice and this permission notice shall be included in all copies or substantial portions of the Software. 
          <br />
          <br />
          THE SOFTWARE IS PROVIDED "AS IS", WITHOUT WARRANTY OF ANY KIND, EXPRESS OR IMPLIED, INCLUDING BUT NOT LIMITED TO THE WARRANTIES OF MERCHANTABILITY, FITNESS FOR A PARTICULAR PURPOSE AND NONINFRINGEMENT. IN NO EVENT SHALL THE AUTHORS OR COPYRIGHT HOLDERS BE LIABLE FOR ANY CLAIM, DAMAGES OR OTHER LIABILITY, WHETHER IN AN ACTION OF CONTRACT, TORT OR OTHERWISE, ARISING FROM, OUT OF OR IN CONNECTION WITH THE SOFTWARE OR THE USE OR OTHER DEALINGS IN THE SOFTWARE.
        </p>
      </div>
      <div
        class="emotion-56"
      >
        <div
          class="emotion-55"
        >
          Made with 
          <svg
            fill="currentColor"
            height="1em"
            stroke="currentColor"
            stroke-width="0"
            viewBox="0 0 512 512"
            width="1em"
            xmlns="http://www.w3.org/2000/svg"
          >
            <path
              d="M462.3 62.6C407.5 15.9 326 24.3 275.7 76.2L256 96.5l-19.7-20.3C186.1 24.3 104.5 15.9 49.7 62.6c-62.8 53.6-66.1 149.8-9.9 207.9l193.5 199.8c12.5 12.9 32.8 12.9 45.3 0l193.5-199.8c56.3-58.1 53-154.3-9.8-207.9z"
            />
          </svg>
           by
           
          <a
            class="emotion-54"
            href="https://twitter.com/ixahmedxii"
            rel="noopener noreferrer"
            target="_blank"
          >
            Ahmed Elsakaan
          </a>
        </div>
      </div>
    </div>
  </div>
</div>
`;
