// Jest Snapshot v1, https://goo.gl/fbAQLP

exports[`Home Page matches snapshot 1`] = `
@keyframes animation-0 {
  0% {
    box-shadow: 0px 0px 0px transparent,0px 0px 0px transparent;
  }

  50% {
    box-shadow: 0px 0px 0px transparent,10px 10px 20px #c8c8c8;
  }

  100% {
    box-shadow: -10px -10px 20px #fff,10px 10px 20px #c8c8c8;
  }
}

.emotion-28 {
  display: grid;
  grid-template-rows: 150px 1fr 50px;
  min-height: 100vh;
}

.emotion-6 {
  display: -webkit-box;
  display: -webkit-flex;
  display: -ms-flexbox;
  display: flex;
  -webkit-align-items: center;
  -webkit-box-align: center;
  -ms-flex-align: center;
  align-items: center;
  -webkit-box-pack: justify;
  -webkit-justify-content: space-between;
  -ms-flex-pack: justify;
  justify-content: space-between;
  padding-top: 40px;
  padding-bottom: 40px;
}

.emotion-0 {
  font-family: Pacifico,Arial,"Helvetica Neue",sans-serif;
  font-size: 32px;
}

.emotion-5 {
  display: -webkit-box;
  display: -webkit-flex;
  display: -ms-flexbox;
  display: flex;
  -webkit-align-items: center;
  -webkit-box-align: center;
  -ms-flex-align: center;
  align-items: center;
  -webkit-box-pack: justify;
  -webkit-justify-content: space-between;
  -ms-flex-pack: justify;
  justify-content: space-between;
  list-style: none;
  margin: 0;
  padding: 0;
}

.emotion-2 {
  width: 50px;
  height: 50px;
  border-radius: 50px;
  display: -webkit-box;
  display: -webkit-flex;
  display: -ms-flexbox;
  display: flex;
  -webkit-align-items: center;
  -webkit-box-align: center;
  -ms-flex-align: center;
  align-items: center;
  -webkit-box-pack: center;
  -webkit-justify-content: center;
  -ms-flex-pack: center;
  justify-content: center;
  margin-left: 32px;
  cursor: pointer;
  overflow: hidden;
  box-shadow: -7px -7px 13px #8c919d,7px 7px 13px #080809;
}

.emotion-1 {
  border: none;
  color: var(--theme-ui-colors-text,#EEEEEE);
  background-color: var(--theme-ui-colors-background,#2B2D32);
  cursor: pointer;
  border-radius: 100px;
  font-size: 16px;
  outline: none;
  padding: 24px;
}

.emotion-9 {
  text-align: center;
}

.emotion-7 {
  box-sizing: border-box;
  margin: 0;
  min-width: 0;
  color: var(--theme-ui-colors-primary,#8093f2);
  font-size: 32px;
  font-weight: 700;
  padding-bottom: 16px;
}

.emotion-8 {
  box-sizing: border-box;
  margin: 0;
  min-width: 0;
  line-height: 1.8;
  opacity: 0.7;
}

.emotion-24 {
  padding-top: 40px;
}

.emotion-15 {
  box-sizing: border-box;
  margin: 0;
  min-width: 0;
  width: 100%;
  border-radius: 100px;
  display: -webkit-box;
  display: -webkit-flex;
  display: -ms-flexbox;
  display: flex;
  -webkit-align-items: center;
  -webkit-box-align: center;
  -ms-flex-align: center;
  align-items: center;
  -webkit-box-pack: justify;
  -webkit-justify-content: space-between;
  -ms-flex-pack: justify;
  justify-content: space-between;
  background-color: var(--theme-ui-colors-background,#2B2D32);
  box-sizing: border-box;
  border: 3px solid transparent;
  box-shadow: -10px -10px 20px #8c919d,10px 10px 20px #080809;
}

.emotion-14 {
  width: 100%;
  display: -webkit-box;
  display: -webkit-flex;
  display: -ms-flexbox;
  display: flex;
  -webkit-align-items: center;
  -webkit-box-align: center;
  -ms-flex-align: center;
  align-items: center;
  -webkit-box-pack: justify;
  -webkit-justify-content: space-between;
  -ms-flex-pack: justify;
  justify-content: space-between;
  padding-left: 48px;
  padding-right: 8px;
}

.emotion-12 {
  display: -webkit-box;
  display: -webkit-flex;
  display: -ms-flexbox;
  display: flex;
  -webkit-align-items: center;
  -webkit-box-align: center;
  -ms-flex-align: center;
  align-items: center;
  -webkit-flex: 1;
  -ms-flex: 1;
  flex: 1;
}

.emotion-10 {
  opacity: 0.5;
}

.emotion-11 {
  -webkit-flex: 1;
  -ms-flex: 1;
  flex: 1;
  background-color: var(--theme-ui-colors-background,#2B2D32);
  border: none;
  font-size: 16px;
  color: var(--theme-ui-colors-text,#EEEEEE);
  padding-left: 24px;
  padding-top: 24px;
  padding-bottom: 24px;
  outline: none;
}

.emotion-11::-webkit-input-placeholder {
  color: var(--theme-ui-colors-text,#EEEEEE);
  opacity: 0.5;
}

.emotion-11::-moz-placeholder {
  color: var(--theme-ui-colors-text,#EEEEEE);
  opacity: 0.5;
}

.emotion-11:-ms-input-placeholder {
  color: var(--theme-ui-colors-text,#EEEEEE);
  opacity: 0.5;
}

.emotion-11::placeholder {
  color: var(--theme-ui-colors-text,#EEEEEE);
  opacity: 0.5;
}

.emotion-13 {
  height: 48px;
  width: 48px;
  outline: none;
  border: none;
  font-size: 16px;
  background-color: var(--theme-ui-colors-primary,#8093f2);
  color: var(--theme-ui-colors-background,#2B2D32);
  border-radius: 100px;
  cursor: pointer;
  box-shadow: -5px -5px 10px #8c919d,5px 5px 10px #080809;
}

.emotion-23 {
  background-color: var(--theme-ui-colors-background,#2B2D32);
  border-radius: 20px;
  padding: 0;
  overflow: hidden;
  position: relative;
  margin-top: 88px;
  opacity: 1;
  -webkit-animation: animation-0 2s forwards ease-out;
  animation: animation-0 2s forwards ease-out;
}

.emotion-16 {
  box-sizing: border-box;
  margin: 0;
  min-width: 0;
  width: 100%;
  background-color: var(--theme-ui-colors-primary,#8093f2);
  color: var(--theme-ui-colors-background,#2B2D32);
  border-top-left-radius: 20px;
  border-top-right-radius: 20px;
  text-align: center;
  display: -webkit-box;
  display: -webkit-flex;
  display: -ms-flexbox;
  display: flex;
  -webkit-align-items: center;
  -webkit-box-align: center;
  -ms-flex-align: center;
  align-items: center;
  -webkit-box-pack: center;
  -webkit-justify-content: center;
  -ms-flex-pack: center;
  justify-content: center;
  height: 0;
  -webkit-transition: 0.2s ease-out;
  transition: 0.2s ease-out;
}

.emotion-22 {
  box-sizing: border-box;
  margin: 0;
  min-width: 0;
  padding: 40px;
}

.emotion-17 {
  box-sizing: border-box;
  margin: 0;
  min-width: 0;
  font-weight: 700;
  font-size: 16px;
  color: var(--theme-ui-colors-primary,#8093f2);
}

.emotion-18 {
  box-sizing: border-box;
  margin: 0;
  min-width: 0;
  font-size: 12px;
  padding-top: 8px;
  line-height: 1.8;
  opacity: 0.7;
}

.emotion-21 {
  box-sizing: border-box;
  margin: 0;
  min-width: 0;
  display: -webkit-box;
  display: -webkit-flex;
  display: -ms-flexbox;
  display: flex;
  padding-top: 16px;
  -webkit-align-items: center;
  -webkit-box-align: center;
  -ms-flex-align: center;
  align-items: center;
  -webkit-box-pack: justify;
  -webkit-justify-content: space-between;
  -ms-flex-pack: justify;
  justify-content: space-between;
}

.emotion-19 {
  box-sizing: border-box;
  margin: 0;
  min-width: 0;
  color: var(--theme-ui-colors-primary,#8093f2);
}

.emotion-20 {
  box-shadow: -3px -3px 6px #8c919d,3px 3px 6px #080809;
  width: 40px;
  height: 40px;
  border-radius: 50px;
  border: none;
  background-color: var(--theme-ui-colors-background,#2B2D32);
  color: var(--theme-ui-colors-primary,#8093f2);
  cursor: pointer;
  outline: none;
}

.emotion-27 {
  box-sizing: border-box;
  margin: 0;
  min-width: 0;
  text-align: center;
}

.emotion-26 {
  box-sizing: border-box;
  margin: 0;
  min-width: 0;
}

.emotion-25 {
  box-sizing: border-box;
  margin: 0;
  min-width: 0;
  color: var(--theme-ui-colors-primary,#8093f2);
}

<div>
  <div
    class="emotion-28 container"
  >
    <nav
      class="emotion-6"
    >
      <h1
        class="emotion-0"
      >
        lop.si
      </h1>
      <ul
        class="emotion-5"
      >
        <li
          class="emotion-2"
        >
          <button
            class="emotion-1"
          >
            <svg
              fill="none"
              height="1em"
              stroke="currentColor"
              stroke-linecap="round"
              stroke-linejoin="round"
              stroke-width="2"
              viewBox="0 0 24 24"
              width="1em"
              xmlns="http://www.w3.org/2000/svg"
            >
              <path
                d="M21 12.79A9 9 0 1 1 11.21 3 7 7 0 0 0 21 12.79z"
              />
            </svg>
          </button>
        </li>
        <li
          class="emotion-2"
        >
          <a
            class="emotion-1"
            href="https://github.com/ixahmedxi/lop.si"
            rel="noopener noreferrer"
            target="_blank"
          >
            <svg
              fill="none"
              height="1em"
              stroke="currentColor"
              stroke-linecap="round"
              stroke-linejoin="round"
              stroke-width="2"
              viewBox="0 0 24 24"
              width="1em"
              xmlns="http://www.w3.org/2000/svg"
            >
              <path
                d="M9 19c-5 1.5-5-2.5-7-3m14 6v-3.87a3.37 3.37 0 0 0-.94-2.61c3.14-.35 6.44-1.54 6.44-7A5.44 5.44 0 0 0 20 4.77 5.07 5.07 0 0 0 19.91 1S18.73.65 16 2.48a13.38 13.38 0 0 0-7 0C6.27.65 5.09 1 5.09 1A5.07 5.07 0 0 0 5 4.77a5.44 5.44 0 0 0-1.5 3.78c0 5.42 3.3 6.61 6.44 7A3.37 3.37 0 0 0 9 18.13V22"
              />
            </svg>
          </a>
        </li>
      </ul>
    </nav>
    <div>
      <div
        class="row"
      >
        <div
          class="emotion-9 col-sm-8 offset-sm-2"
        >
          <h1
            class="emotion-7"
          >
            Create professional looking urls
          </h1>
          <p
            class="emotion-8"
          >
            lop.si helps you transform these long, unmanageable and ugly urls into short alternatives that look professional when used in emails and such.
          </p>
        </div>
      </div>
      <div
        class="emotion-24 row"
      >
        <div
          class="col-sm-8 offset-sm-2"
        >
          <div
            class="emotion-15"
          >
            <form
              class="emotion-14"
            >
              <div
                class="emotion-12"
              >
                <svg
                  class="emotion-10"
                  fill="none"
                  height="1em"
                  stroke="currentColor"
                  stroke-linecap="round"
                  stroke-linejoin="round"
                  stroke-width="2"
                  viewBox="0 0 24 24"
                  width="1em"
                  xmlns="http://www.w3.org/2000/svg"
                >
                  <path
                    d="M21.44 11.05l-9.19 9.19a6 6 0 0 1-8.49-8.49l9.19-9.19a4 4 0 0 1 5.66 5.66l-9.2 9.19a2 2 0 0 1-2.83-2.83l8.49-8.48"
                  />
                </svg>
                <input
                  class="emotion-11"
                  placeholder="Paste your url here..."
                  type="url"
                />
              </div>
              <button
                class="emotion-13"
                type="submit"
              >
                <svg
                  fill="none"
                  height="1em"
                  stroke="currentColor"
                  stroke-linecap="round"
                  stroke-linejoin="round"
                  stroke-width="2"
                  viewBox="0 0 24 24"
                  width="1em"
                  xmlns="http://www.w3.org/2000/svg"
                >
                  <line
                    x1="5"
                    x2="19"
                    y1="12"
                    y2="12"
                  />
                  <polyline
                    points="12 5 19 12 12 19"
                  />
                </svg>
              </button>
            </form>
          </div>
        </div>
        <div
          class="emotion-23 col-sm-4 offset-sm-4"
        >
          <div
            class="emotion-16"
          />
          <div
            class="emotion-22"
          >
            <h2
              class="emotion-17"
            >
              Your previously created url:
            </h2>
            <p
              class="emotion-18"
            >
              Here's your most recently created url if you wish to copy it to your clipboard.
            </p>
            <div
              class="emotion-21"
            >
              <a
                class="emotion-19"
                href="https://lop.si/fhiu"
                rel="noopener noreferrer"
                target="_blank"
              >
                https://lop.si/fhiu
              </a>
              <button
                class="emotion-20"
                type="button"
              >
                <svg
                  fill="none"
                  height="1em"
                  stroke="currentColor"
                  stroke-linecap="round"
                  stroke-linejoin="round"
                  stroke-width="2"
                  viewBox="0 0 24 24"
                  width="1em"
                  xmlns="http://www.w3.org/2000/svg"
                >
                  <path
                    d="M16 4h2a2 2 0 0 1 2 2v14a2 2 0 0 1-2 2H6a2 2 0 0 1-2-2V6a2 2 0 0 1 2-2h2"
                  />
                  <rect
                    height="4"
                    rx="1"
                    ry="1"
                    width="8"
                    x="8"
                    y="2"
                  />
                </svg>
              </button>
            </div>
          </div>
        </div>
      </div>
    </div>
    <div
      class="emotion-27"
    >
      <p
        class="emotion-26"
      >
        Made with 
        <svg
          fill="none"
          height="1em"
          stroke="currentColor"
          stroke-linecap="round"
          stroke-linejoin="round"
          stroke-width="2"
          viewBox="0 0 24 24"
          width="1em"
          xmlns="http://www.w3.org/2000/svg"
        >
          <path
            d="M20.84 4.61a5.5 5.5 0 0 0-7.78 0L12 5.67l-1.06-1.06a5.5 5.5 0 0 0-7.78 7.78l1.06 1.06L12 21.23l7.78-7.78 1.06-1.06a5.5 5.5 0 0 0 0-7.78z"
          />
        </svg>
         by
         
        <a
          class="emotion-25"
          href="https://twitter.com/ixahmedxii"
          rel="noopener noreferrer"
          target="_blank"
        >
          Ahmed Elsakaan
        </a>
      </p>
    </div>
  </div>
</div>
`;
